# Filename: /home/SILVER/c44774a/da_unified_rules_engine/un_re/resources/cfg_techdebt_exclusions.lst
#
# This table lists object names that are excluded from being managed as
# Techdebt.   This table is needed because Techdebt is being declared on
# deployments to avoid having to resolve large or important problems.
# 
# When the Rules Engine has a finding to report, the TechDebt ruleset indicator
# would ordinarily change the severity from an Error or Warning to a Notice.
# 
# But, if the object name matches one of the exclusions listed below, then
# it will be excluded from being managed as TechDebt.
# 
# Items in this list are stored in the global variable TECHDEBT_EXCLUSIONS
#
# object_nm                                    | activation_yyyymmdd_dt    
# -------------------------------------------- | --------------------------
FRMLRY_CD                                      | 20210412                  
LOB_CD                                         | 20210412                  
TRNSCTN_CHNL_SRC_CD                            | 20210412                  
BRND_GENRC_TY_CD                               | 20210427                  
CLM_TY_CD                                      | 20210427                  
FCT_ALGNMT_CD                                  | 20210427                  
CURR_FCT_ALGNMT_CD                             | 20210503                  
PATNT_POSTL_CD                                 | 20210503                  
PRIOR_FCT_ALGNMT_CD                            | 20210503                  
CRET_TIMESTMP                                  | 20210510                  
INCR_INGEST_TIMESTAMP                          | 20210510                  
INGEST_TIMESTAMP                               | 20210510                  
OPTIMISTIC_LOCKING_VERSION                     | 20210510                  
APDRG_GRPR_VRSN_VAL                            | 20210517                  
APRDRG_GRPR_ICD_VRSN_VAL                       | 20210517                  
BP_YEAR                                        | 20210517                  
NDC                                            | 20210517                  
UPDATE_DATETIME                                | 20210517                  
AGE_BAND_CD                                    | 20210524                  
APRDRG_WGHT_VAL                                | 20210524                  
CMSDRG_GRPR_VRSN_VAL                           | 20210524                  
FUND_ARNGMT_TY_CD                              | 20210524                  
HOSP_SVC_CD                                    | 20210524                  
MSDRG_GRPR_ICD_VRSN_VAL                        | 20210524                  
BILL_PROV_NT_ID                                | 20210601                  
FIRM_CLIENT_CNTRCT_ST_CD                       | 20210601                  
FIRM_SAR_RPT_SEG_CD                            | 20210601                  
FIRM_UND_65_IND                                | 20210601                  
MRKT_CD                                        | 20210601                  
PRODT_TY_CD                                    | 20210601                  
SUBSCRBR_STATUS                                | 20210601                  
BILL_PROV_POSTL_CD                             | 20210607                  
INSTTN_EXTRNL_CAUSE_INJURY_CD1                 | 20210607                  
INSTTN_EXTRNL_CAUSE_INJURY_CD2                 | 20210607                  
INSTTN_EXTRNL_CAUSE_INJURY_CD3                 | 20210607                  
INSTTN_EXTRNL_CAUSE_INJURY_CD4                 | 20210607                  
LKP_VAL                                        | 20210607                  
PATNT_ST_CD                                    | 20210607                  
ACCOUNTID                                      | 20210614                  
CEC_SUBSCRBR_STATUS                            | 20210614                  
CLIENT_ACCT_NUM                                | 20210614                  
HHVI_NM                                        | 20210614                  
UNIT_CODE                                      | 20210614                  
UNIT_CODE_ROLLUP                               | 20210614                  
UNIT_NAME                                      | 20210614                  
VALUE                                          | 20210614                  
ASSMT_RCH_RSLT                                 | 20210621                  
ASSMT_USR_ROLE                                 | 20210621                  
CLIENT_ID                                      | 20210621                  
CRET_TIMESTAMP                                 | 20210621                  
FRESENIUS_LAST_VISIT                           | 20210621                  
MRR_FLAG                                       | 20210621                  
NT_ID                                          | 20210621                  
OPPOR_DIR_IND                                  | 20210621                  
OTHER_LAST_VISIT                               | 20210621                  
SCC_TP                                         | 20210621                  
VENDOR                                         | 20210621                  
CLBRTN_ID                                      | 20210628                  
DESCRIPTION                                    | 20210628                  
EXPIRATION_DATE                                | 20210628                  
PCP_PROV_ID                                    | 20210628                  
ALIGNMENT_METHOD                               | 20210719                  
CNTY_NM                                        | 20210719                  
COB_MBR_EXCLUSION_INDC                         | 20210719                  
COUNTY_NM                                      | 20210719                  
CUST_FRST_NM                                   | 20210719                  
CUST_LAST_NM                                   | 20210719                  
MULTI_VENDOR_FLAG                              | 20210719                  
OVERLAP_W_VENDOR                               | 20210719                  
RPT_PER_END_DT                                 | 20210719                  
PHYSN_PROV_ID                                  | 20210726                  
PROV_ID                                        | 20210726                  
TYPE                                           | 20210726                  
CUST_POSTL_CD                                  | 20210816                  
DERV_CVR_CHRG_AMT                              | 20210816                  
PARTCPT_PROV_IND                               | 20210816                  
PROV_KEY                                       | 20210816                  
RBRVS_UNIT_WGHT                                | 20210816                  
RNDR_PROV_ID                                   | 20210816                  
ST_CD                                          | 20210816                  
TOTAL_VISITS                                   | 20210816                  
ACCOUNT_ID                                     | 20210823                  
ADDR_LN1                                       | 20210823                  
BUS_ENTTY_KEY                                  | 20210823                  
BUS_ENTTY_NPI_KEY                              | 20210823                  
CHK_NUM                                        | 20210823                  
CHK_PAYMT_ST_CD                                | 20210823                  
FILL_NUM                                       | 20210823                  
CCN_CTGRY                                      | 20210914                  
DIAG_CD1                                       | 20210914                  
DIAG_CD2                                       | 20210914                  
DIAG_CD3                                       | 20210914                  
DIAG_CD4                                       | 20210914                  
DSAGE_FRM_TXT                                  | 20210914                  
EMAIL_ADDR                                     | 20210914                  
INDIV_ENTPR_ID                                 | 20210914                  
LAST_UPD_TMSTMP                                | 20210914                  
LOAD_ENV                                       | 20210914                  
MAIL_STATE_CODE                                | 20210914                  
NPI_TY_CD                                      | 20210914                  
PROCDR_CODE                                    | 20210914                  
PROCESS_NAME                                   | 20210914                  
PROJ_NM                                        | 20210914                  
RJCT_RCD_CNT                                   | 20210914                  
RTE_OF_ADMIN_TXT                               | 20210914                  
RUN_DATE                                       | 20210914                  
SRC_RCD_CNT                                    | 20210914                  
TRGT_RCD_CNT                                   | 20210914                  
BEN_ATTRB_CTGRY_CD                             | 20210921                  
CIF_LOAD_TIMESTMP                              | 20210921                  
CLM_SYS_CLM_ID_SFX                             | 20210921                  
OPERT_PROV_NM                                  | 20210921                  
SBMT_SVC_FCLTY_LOC_ST_CD                       | 20210921                  
STRNG_QTY_TXT                                  | 20210921                  
BEN_PLAN_NUM                                   | 20210928                  
BEN_PLAN_VRTN_ID                               | 20210928                  
OTHR_PROV_NM                                   | 20210928                  
CLM_NUM                                        | 20211004                  
LIST_NT_GRP_CD                                 | 20211004                  
SBMT_ADMSN_TM                                  | 20211004                  
CLM_SYS_CLM_IDN_SFX                            | 20211011                  
NT90_PROG_TY_CD                                | 20211011                  
PPO_NT_GRP_CD                                  | 20211011                  
BG_FIPS_CD                                     | 20211018                  
EFF_DT                                         | 20211018                  
HYPERTENSION_DIAGNOSIS_IND                     | 20211018                  
LAB_TEST_RSLT_NUMRC                            | 20211018                  
NEW_GPI                                        | 20211018                  
OTHR_PAYER_INS_ID                              | 20211018                  
PREDIABETES_IND                                | 20211018                  
PROV_POSTL_CD                                  | 20211018                  
PROV_SPECLTY_CD                                | 20211018                  
PROV_TAXNMY_CD                                 | 20211018                  
SBMT_PATNT_ADDR_LN_1                           | 20211018                  
SBMT_PATNT_ADDR_LN_2                           | 20211018                  
SBMT_PATNT_CITY_NM                             | 20211018                  
SBMT_SUBSCRBR_ADDR_LN_1                        | 20211018                  
SBMT_SUBSCRBR_ADDR_LN_2                        | 20211018                  
SBMT_SUBSCRBR_CITY_NM                          | 20211018                  
SBMT_SVC_FCLTY_LOC_NM                          | 20211018                  
SBMT_SVC_FCLTY_LOC_POSTL_CD                    | 20211018                  
SRC_SYS_CRET_TS                                | 20211018                  
SRC_SYS_UPDT_TS                                | 20211018                  
TRGT_SCHEMA_NM                                 | 20211018                  
TRNSCTN_DT                                     | 20211018                  
UPDT_TS                                        | 20211018                  
CLM_SYS_CLM_IDNUM_SFX                          | 20211025                  
ACTV_IND                                       | 20220131                  
CURR_FLAG                                      | 20220131                  
DIAG_TY_CD                                     | 20220131                  
FIRM_ACCT_CASE_NUM                             | 20220131                  
FIRM_CLIENT_ACCT_NM                            | 20220131                  
FIRM_CLIENT_ACCT_NUM                           | 20220131                  
FIRM_CONSMR_SEG_CD                             | 20220131                  
LVL_1                                          | 20220131                  
LVL_1_NM                                       | 20220131                  
LVL_2                                          | 20220131                  
LVL_2_NM                                       | 20220131                  
LVL_3                                          | 20220131                  
LVL_3_NM                                       | 20220131                  
MHSA_LVL                                       | 20220131                  
PHRM_CLM_KEY                                   | 20220131                  
RCD_SEQ_NUM                                    | 20220131                  
REFRL_DETRMTN_STAT_CD                          | 20220131                  
RPT_CLASS_CD                                   | 20220131                  
RPT_LVL                                        | 20220131                  
ACCT_SUBTY                                     | 20220207                  
ADMSN_COMPLTN_FCTR_PERCTG                      | 20220207                  
ADMS_SECTION                                   | 20220207                  
AI_LVL                                         | 20220207                  
AI_PPPM                                        | 20220207                  
AI_TOT_PAID                                    | 20220207                  
ALGNMT_MTHD_CD                                 | 20220207                  
ALGN_LVL                                       | 20220207                  
ALGN_MMOS                                      | 20220207                  
ALIGNMENT_CD                                   | 20220207                  
ATTEST_LVL                                     | 20220207                  
AVG_MTH_FCLTY_ADMSN                            | 20220207                  
BED_DAY_COMPLTN_FCTR_PERCTG                    | 20220207                  
BEHVRAL_MMOS_12MTH                             | 20220207                  
CHNL_CD                                        | 20220207                  
CLR_STS                                        | 20220207                  
COMP_AI_COST_PER_SCAN                          | 20220207                  
COMP_AI_PER_1000                               | 20220207                  
COMP_AI_PER_1000_RTO                           | 20220207                  
COMP_AI_PPPM                                   | 20220207                  
COMP_AI_TOT_PAID                               | 20220207                  
COMP_ALGN_MMOS                                 | 20220207                  
COMP_CLM_PPPM                                  | 20220207                  
COMP_COST_PER_SVC                              | 20220207                  
COMP_COST_PER_SVC_PI                           | 20220207                  
COMP_DIFF_PPPM                                 | 20220207                  
COMP_DIFF_VISIT_PER_1000                       | 20220207                  
COMP_ED_COST_PER_VISIT                         | 20220207                  
COMP_ED_PPPM                                   | 20220207                  
COMP_ED_TOT_PAID                               | 20220207                  
COMP_ED_VISIT_PER_1000                         | 20220207                  
COMP_ED_VISIT_PER_1000_RTO                     | 20220207                  
COMP_ERG_RATIO                                 | 20220207                  
COMP_IP_ALOS                                   | 20220207                  
COMP_IP_COST_PER_ADMIT                         | 20220207                  
COMP_IP_DAYS_PER_1000                          | 20220207                  
COMP_IP_PER_1000                               | 20220207                  
COMP_IP_PPPM                                   | 20220207                  
COMP_IP_TOT_PAID                               | 20220207                  
COMP_METRIC                                    | 20220207                  
COMP_METRIC_PI                                 | 20220207                  
COMP_OON_PPPM                                  | 20220207                  
COMP_OON_TOT_PAID                              | 20220207                  
COMP_PI_C_SCTN                                 | 20220207                  
COMP_PI_IP_ALOS                                | 20220207                  
COMP_PI_IP_COST_PER_ADMIT                      | 20220207                  
COMP_PI_IP_DAYS_PER_1000                       | 20220207                  
COMP_PI_IP_PER_1000                            | 20220207                  
COMP_PI_IP_PPPM                                | 20220207                  
COMP_PPPM                                      | 20220207                  
COMP_PPPM_PI                                   | 20220207                  
COMP_SVCS_PER_1000                             | 20220207                  
COMP_SVCS_PER_1000_PI                          | 20220207                  
COMP_TOT_PAID                                  | 20220207                  
COMP_TOT_UNWNSR_PAID                           | 20220207                  
COMP_VISIT_PER_1000                            | 20220207                  
CURR_AI_COST_PER_SCAN                          | 20220207                  
CURR_AI_PER_1000                               | 20220207                  
CURR_AI_PER_1000_RTO                           | 20220207                  
CURR_AI_PPPM                                   | 20220207                  
CURR_AI_TOT_PAID                               | 20220207                  
CURR_ALGN_MMOS                                 | 20220207                  
CURR_AVG_CCD_COST_PER_EPSD                     | 20220207                  
CURR_CLM_PPPM                                  | 20220207                  
CURR_COST_PER_SVC                              | 20220207                  
CURR_COST_PER_SVC_PI                           | 20220207                  
CURR_DAYS                                      | 20220207                  
CURR_DIFF_PPPM                                 | 20220207                  
CURR_DIFF_VISIT_PER_1000                       | 20220207                  
CURR_ED_COST_PER_VISIT                         | 20220207                  
CURR_ED_PPPM                                   | 20220207                  
CURR_ED_TOT_PAID                               | 20220207                  
CURR_ED_VISIT_PER_1000                         | 20220207                  
CURR_ED_VISIT_PER_1000_RTO                     | 20220207                  
CURR_ERG_RATIO                                 | 20220207                  
CURR_IP_ALOS                                   | 20220207                  
CURR_IP_COST_PER_ADMIT                         | 20220207                  
CURR_IP_DAYS_PER_1000                          | 20220207                  
CURR_IP_PER_1000                               | 20220207                  
CURR_IP_PPPM                                   | 20220207                  
CURR_IP_TOT_PAID                               | 20220207                  
CURR_METRIC                                    | 20220207                  
CURR_METRIC_PI                                 | 20220207                  
CURR_NONCCD_VOL                                | 20220207                  
CURR_OON_PPPM                                  | 20220207                  
CURR_OON_TOT_PAID                              | 20220207                  
CURR_PI_C_SCTN                                 | 20220207                  
CURR_PI_IP_ALOS                                | 20220207                  
CURR_PI_IP_COST_PER_ADMIT                      | 20220207                  
CURR_PI_IP_DAYS_PER_1000                       | 20220207                  
CURR_PI_IP_PER_1000                            | 20220207                  
CURR_PI_IP_PPPM                                | 20220207                  
CURR_PPPM                                      | 20220207                  
CURR_PPPM_PI                                   | 20220207                  
CURR_PRAC_NONCCD_COST_PER_EPSD                 | 20220207                  
CURR_SAVE_PER_EPSD                             | 20220207                  
CURR_SVCS_PER_1000                             | 20220207                  
CURR_SVCS_PER_1000_PI                          | 20220207                  
CURR_TOT_PAID                                  | 20220207                  
CURR_TOT_UNWNSR_PAID                           | 20220207                  
CURR_VISIT_PER_1000                            | 20220207                  
DATE_STAMP                                     | 20220207                  
DAW                                            | 20220207                  
DERV_PRODT_NM                                  | 20220207                  
DIFF_EBM_MRKT_SUCESS                           | 20220207                  
DIFF_EBM_NTNL_SUCESS                           | 20220207                  
DRG_FCLTY_FLAG                                 | 20220207                  
DRG_LVL                                        | 20220207                  
EBM_EARNED_SCORE                               | 20220207                  
EBM_MAX_SCORE                                  | 20220207                  
EBM_SUCESS_GAP                                 | 20220207                  
ED_LVL                                         | 20220207                  
ED_PPPM                                        | 20220207                  
ED_TOT_PAID                                    | 20220207                  
ERG_RATIO                                      | 20220207                  
ETG_LVL                                        | 20220207                  
FLDR_PATH                                      | 20220207                  
FUND_ARNGMT_TY_DESC                            | 20220207                  
GRP_ALIGNMENT_MET_VALUE                        | 20220207                  
IP_ALOS                                        | 20220207                  
IP_LVL                                         | 20220207                  
IP_PPPM                                        | 20220207                  
IP_TOT_PAID                                    | 20220207                  
IS_MID_SIZE                                    | 20220207                  
LAST_MEMBR_MTH                                 | 20220207                  
MED_MGMNT_PLAN_DESC                            | 20220207                  
MED_MMOS_12MTH                                 | 20220207                  
MEMBR_AGE                                      | 20220207                  
MEMBR_GENDER                                   | 20220207                  
MEMBR_HOME_ADDR_STE_CD                         | 20220207                  
MPD_EXCEPTION                                  | 20220207                  
MRKT_ALIGNMENT_MET_VALUE                       | 20220207                  
NO_LONGER_ACTIVE                               | 20220207                  
OON_PPPM                                       | 20220207                  
OUTLIER_FLAG                                   | 20220207                  
PERF_INDX                                      | 20220207                  
PERF_INDX_MAX                                  | 20220207                  
PERF_INDX_MIN                                  | 20220207                  
PHARM_MMOS_12MTH                               | 20220207                  
PREV_WEEK_GENRC_RATIO1                         | 20220207                  
PRI_CURR_DAYS                                  | 20220207                  
PRI_ROLL12_DAYS                                | 20220207                  
PRI_ROLL3_DAYS                                 | 20220207                  
PRI_YTD_DAYS                                   | 20220207                  
PRODT_FLAG                                     | 20220207                  
PRODUCT                                        | 20220207                  
PROV_GRP_ID                                    | 20220207                  
PROV_IND                                       | 20220207                  
PROV_STE_CD                                    | 20220207                  
PROV_ZIP_CD                                    | 20220207                  
QUAL_PROG_MTHD                                 | 20220207                  
RETRSP_RISK                                    | 20220207                  
RISK_SCORE                                     | 20220207                  
ROLL12_DAYS                                    | 20220207                  
ROLL12_FLAG                                    | 20220207                  
ROLL13_FLAG                                    | 20220207                  
ROLL3_DAYS                                     | 20220207                  
ROW_NUMBR                                      | 20220207                  
RPT_MTH                                        | 20220207                  
RPT_PERIOD                                     | 20220207                  
RPT_YRMTH                                      | 20220207                  
SCAN_SECTION                                   | 20220207                  
SC_LVL                                         | 20220207                  
SPECLTY_PROV_GRP                               | 20220207                  
SPEC_CD                                        | 20220207                  
SVCNG_SPECLTY_CPF_CD                           | 20220207                  
SVC_MAJ_DESC                                   | 20220207                  
TMC_PPPM                                       | 20220207                  
TMC_UNWNSR_PPPM                                | 20220207                  
TREND_AI_COST_PER_SCAN                         | 20220207                  
TREND_AI_DOM                                   | 20220207                  
TREND_AI_PER_1000                              | 20220207                  
TREND_AI_PPPM                                  | 20220207                  
TREND_AI_PREF                                  | 20220207                  
TREND_AI_TOT_PAID                              | 20220207                  
TREND_COST_PER_SVC                             | 20220207                  
TREND_DIFF_AI_COST_PER_SCAN                    | 20220207                  
TREND_DIFF_AI_DOM                              | 20220207                  
TREND_DIFF_AI_PER_1000                         | 20220207                  
TREND_DIFF_AI_PPPM                             | 20220207                  
TREND_DIFF_AI_PREF                             | 20220207                  
TREND_DIFF_AI_TOT_PAID                         | 20220207                  
TREND_DIFF_COST_PER_SVC                        | 20220207                  
TREND_DIFF_ED_COST_PER_VISIT                   | 20220207                  
TREND_DIFF_ED_PPPM                             | 20220207                  
TREND_DIFF_ED_VISIT_PER_1000                   | 20220207                  
TREND_DIFF_IP_ALOS                             | 20220207                  
TREND_DIFF_IP_COST_PER_ADMIT                   | 20220207                  
TREND_DIFF_IP_C_SCTN                           | 20220207                  
TREND_DIFF_IP_DAYS_PER_1000                    | 20220207                  
TREND_DIFF_IP_PER_1000                         | 20220207                  
TREND_DIFF_IP_PPPM                             | 20220207                  
TREND_DIFF_METRIC                              | 20220207                  
TREND_DIFF_PPPM                                | 20220207                  
TREND_DIFF_SVCS_PER_1000                       | 20220207                  
TREND_EBM_SUCESS                               | 20220207                  
TREND_ED_COST_PER_VISIT                        | 20220207                  
TREND_ED_PPPM                                  | 20220207                  
TREND_ED_VISIT_PER_1000                        | 20220207                  
TREND_IP_ALOS                                  | 20220207                  
TREND_IP_COST_PER_ADMIT                        | 20220207                  
TREND_IP_C_SCTN                                | 20220207                  
TREND_IP_DAYS_PER_1000                         | 20220207                  
TREND_IP_PER_1000                              | 20220207                  
TREND_IP_PPPM                                  | 20220207                  
TREND_LVL                                      | 20220207                  
TREND_LVL_ORDR                                 | 20220207                  
TREND_METRIC                                   | 20220207                  
TREND_METRIC_CD                                | 20220207                  
TREND_PPPM                                     | 20220207                  
TREND_SVCS_PER_1000                            | 20220207                  
WT_EARNED_SCORE                                | 20220207                  
WT_MAX_SCORE                                   | 20220207                  
YTD_DAYS                                       | 20220207                  
YTD_FLAG                                       | 20220207                  
YTD_MTHS                                       | 20220207                  
NATL_FCTR                                      | 20220220                  
AMI                                            | 20220225                  
ASSMT_CTGRY_CD                                 | 20220225                  
ASSMT_TY_CD                                    | 20220225                  
CUST_ELG_FLAG                                  | 20220225                  
EAP_REFERRAL                                   | 20220225                  
QUAL_PAYMT_AMT                                 | 20220225                  
SBMTBILL_PROV_HASH_KEY                         | 20220225                  
SBMTBILL_PROV_ID_HASH_KEY                      | 20220225                  
SBMTBILL_PROV_SPECLTY_HASH_KEY                 | 20220225                  
SBMT_BILL_PROV_ST_CD                           | 20220225                  
CURR_SNPSHT_RSLT                               | 20220308                  
PER_FLG                                        | 20220308                  
SBMT_BILL_PROV_NM                              | 20220308                  
ACCURACY_PCT                                   | 20220310                  
ADDR_CITY_NM                                   | 20220310                  
ADDR_LN_1                                      | 20220310                  
ADDR_STE_NM                                    | 20220310                  
BEN_PLAN_NM                                    | 20220310                  
CLIENT_ACCT_NM                                 | 20220310                  
CUST_ENTR_SCORE_DESC                           | 20220310                  
FRST_NM                                        | 20220310                  
INDIV_ENTERPRISE_ID                            | 20220310                  
LAST_NM                                        | 20220310                  
PRI_SNPSHT_RSLT                                | 20220310                  
RPT_YR_MTH                                     | 20220310                  
EMAIL_ADDR_TXT                                 | 20220425                  
TEL_EXT_NUM                                    | 20220426                  
CLAIM_RECORD_SEQUENCE_NUMBER                   | 20220506                  
CPT_MODIFIER_CODE                              | 20220506                  
CPT_MODIFIER_CODE2                             | 20220506                  
CPT_MODIFIER_CODE3                             | 20220506                  
CPT_MODIFIER_CODE4                             | 20220506                  
FIRST_SERVICED_DATE                            | 20220506                  
HEALTH_INSURANCE_IDENTIFER                     | 20220506                  
LAST_SERVICED_DATE                             | 20220506                  
MEDICAL_CODE                                   | 20220506                  
MEDICAL_QUALIFIER_CODE                         | 20220506                  
NUMRESULTROWS                                  | 20220506                  
PATIENT_STATUS_CODE                            | 20220506                  
PERSON_NUMBER                                  | 20220506                  
PLACE_OF_SERVICE                               | 20220506                  
PROVIDER_ADDRESS_LINE1                         | 20220506                  
PROVIDER_CITY                                  | 20220506                  
PROVIDER_FAX                                   | 20220506                  
PROVIDER_FIRST_NAME                            | 20220506                  
PROVIDER_LAST_NAME                             | 20220506                  
PROVIDER_MIDDLE_NAME                           | 20220506                  
PROVIDER_POSTAL_CODE                           | 20220506                  
PROVIDER_STATE                                 | 20220506                  
PROVIDER_SUFFIX                                | 20220506                  
PROVIDER_TELEPHONE                             | 20220506                  
PROVIDER_TITLE                                 | 20220506                  
RECORD_TYPE                                    | 20220506                  
TRANSACTION_CODE                               | 20220506                  
LOGONSOURCE                                    | 20220509                  
MAXAMPIO                                       | 20220509                  
SPOOLUSAGE                                     | 20220509                  
AFFINIUM_PROGRAM_NME                           | 20220512                  
AFFINIUM_PROJECT_NME                           | 20220512                  
ATTEMPTS                                       | 20220512                  
CALL_DTE                                       | 20220512                  
CALL_OUTCOME                                   | 20220512                  
CALL_OUTCOME_CDE                               | 20220512                  
CALL_RESULT                                    | 20220512                  
CARRIER_NAME                                   | 20220512                  
CLM_SVC_BEG_DT                                 | 20220512                  
CMPGN_CTL_DT                                   | 20220512                  
CREATE_TME                                     | 20220512                  
CUSTOMER_GROUP                                 | 20220512                  
DISPOSITION_CDE                                | 20220512                  
EM_CHNL                                        | 20220512                  
EM_COMM_DTE                                    | 20220512                  
EM_VER                                         | 20220512                  
ML_CHNL                                        | 20220512                  
ML_COMM_DTE                                    | 20220512                  
ML_VER                                         | 20220512                  
MPO_SEGMENT                                    | 20220512                  
PATIENT_PS_GRP                                 | 20220512                  
PERSON_NBR                                     | 20220512                  
PH_CHNL                                        | 20220512                  
PH_COMM_DTE                                    | 20220512                  
PH_VER                                         | 20220512                  
POST_BRAND_GENERIC_CDE                         | 20220512                  
POST_BRAND_NME                                 | 20220512                  
POST_CLAIM_DTE                                 | 20220512                  
POST_GENERIC_DRUG_NME                          | 20220512                  
POST_MAIL_RETAIL_CDE                           | 20220512                  
POST_MCI_DSC                                   | 20220512                  
POST_SK_HICL_CDE                               | 20220512                  
PRE_BRAND_GENERIC_CDE                          | 20220512                  
PRE_BRAND_NME                                  | 20220512                  
PRE_CLAIM_DTE                                  | 20220512                  
PRE_GENERIC_DRUG_NME                           | 20220512                  
PRE_MAIL_RETAIL_CDE                            | 20220512                  
PRE_MCI_DSC                                    | 20220512                  
PRE_SK_HICL_CDE                                | 20220512                  
RX_COMM_TYPE_CDE                               | 20220512                  
RX_COMM_TYPE_DSC                               | 20220512                  
TARGET_START_DTE                               | 20220512                  
TOT_GROSS_SAV                                  | 20220512                  
TRACKING_COMPLETE                              | 20220512                  
CMPGN_CTL_CHNL_IND                             | 20220518                  
CREATE_TMS                                     | 20220518                  
UPDATE_TMS                                     | 20220518                  
AMPCPUTIME                                     | 20220524                  
APPID                                          | 20220524                  
BEH_MONTHS                                     | 20220524                  
BHVRL_PRODT_FFSH_MMNTHS                        | 20220524                  
BHVRL_PRODT_FFSL_MONTHS                        | 20220524                  
BHVRL_PRODT_TBH_MONTHS                         | 20220524                  
BSCL_MONTHS                                    | 20220524                  
BSC_MONTHS                                     | 20220524                  
CC_REGION                                      | 20220524                  
CPLT_MONTHS                                    | 20220524                  
DATA_SRC_SERVER                                | 20220524                  
DENT_MONTHS                                    | 20220524                  
ERRORCODE                                      | 20220524                  
FFSH_MONTHS                                    | 20220524                  
FFSL_MONTHS                                    | 20220524                  
FIRST_CVD_DATE                                 | 20220524                  
FSA_MONTHS                                     | 20220524                  
HRA_MONTHS                                     | 20220524                  
HSA_MONTHS                                     | 20220524                  
LOGDATE                                        | 20220524                  
MAXAMPCPUTIME                                  | 20220524                  
MED_CS                                         | 20220524                  
MED_MONTHS                                     | 20220524                  
MSA                                            | 20220524                  
MSA_NAME                                       | 20220524                  
OBJECTDATABASENAME                             | 20220524                  
OBJECTTABLENAME                                | 20220524                  
OG_MONTHS                                      | 20220524                  
ONEGUIDE_MONTHS                                | 20220524                  
PHRM_MONTHS                                    | 20220524                  
PHSPLUS_MONTHS                                 | 20220524                  
PHS_MONTHS                                     | 20220524                  
PREF_MONTHS                                    | 20220524                  
PROCID                                         | 20220524                  
PROJECTED_COSTSHARE                            | 20220524                  
PROSPTV_ERG                                    | 20220524                  
QUERYID                                        | 20220524                  
REGION                                         | 20220524                  
RENEWAL_MONTH                                  | 20220524                  
RESPONSE_TIME_SECONDS                          | 20220524                  
STARTTIME                                      | 20220524                  
TBH_MONTHS                                     | 20220524                  
TOTALIOCOUNT                                   | 20220524                  
TOTAL_MONTHS                                   | 20220524                  
UMCH_PRDT_CPLT_MONTHS                          | 20220524                  
UMCM_PRODT_BSCL_MONTHS                         | 20220524                  
UMCM_PRODT_BSC_MONTHS                          | 20220524                  
UMCM_PRODT_PHSPLUS_MONTHS                      | 20220524                  
UMCM_PRODT_PHS_MONTHS                          | 20220524                  
UMCM_PRODT_PREF_MONTHS                         | 20220524                  
UNIT_COST_FACTOR_BIN                           | 20220524                  
USERNAME                                       | 20220524                  
VSN_MONTHS                                     | 20220524                  
ACCOUNT_OWNER_SEGMENT__C                       | 20220614                  
ACCOUNT_STATUS__C                              | 20220614                  
ACTIVE__C                                      | 20220614                  
AFFINITY_BUSINESS__C                           | 20220614                  
AGS_NUMBER__C                                  | 20220614                  
AGS_OLD__C                                     | 20220614                  
AGS__C                                         | 20220614                  
ALLEGIANCE_ACCOUNT__C                          | 20220614                  
ANNUALREVENUE                                  | 20220614                  
BILLINGCITY                                    | 20220614                  
BILLINGCOUNTRY                                 | 20220614                  
BILLINGPOSTALCODE                              | 20220614                  
BILLINGSTATE                                   | 20220614                  
BILLINGSTREET                                  | 20220614                  
BP__C                                          | 20220614                  
BUSINESS_ENTITY_TYPE__C                        | 20220614                  
BUSINESS_TYPE__C                               | 20220614                  
CASE_MANAGEMENT_VENDOR__C                      | 20220614                  
CLIENT_ADVISORY_BOARD__C                       | 20220614                  
CREATEDBYID                                    | 20220614                  
CREATEDDATE                                    | 20220614                  
CURRENT_DENTAL_MEMBERSHIP__C                   | 20220614                  
CURRENT_MEDICAL_MEMBERSHIP__C                  | 20220614                  
DEDUCTIBLE_ATTACHMENT_POINT_SP                 | 20220614                  
DERV_FCTR_NUM                                  | 20220614                  
DIVERSITY_INDICATOR__C                         | 20220614                  
DNBI__COMMERCIAL_CREDIT_SCORE_CLASS__C         | 20220614                  
DNBI__COMMERCIAL_CREDIT_SCORE_PERCENTILES__C   | 20220614                  
DNBI__DNB_APPLICATION_CREATED_DATE__C          | 20220614                  
DNBI__DNB_APPLICATION_MODIFIED_DATE__C         | 20220614                  
DNBI__FINANCIAL_STRESS_SCORE_PERCENTILE__C     | 20220614                  
DNBI__PAYDEX__C                                | 20220614                  
DNBI__RATING__C                                | 20220614                  
DNBI__VIABILITY_RATING__C                      | 20220614                  
DNBI__YEARS_IN_BUSINESS__C                     | 20220614                  
DNBOPTIMIZER__DNBCOMPANYRECORD__C              | 20220614                  
DUNS_NUMBER__C                                 | 20220614                  
D_B_TOTAL_EMPLOYEES__C                         | 20220614                  
ERISA_STATUS__C                                | 20220614                  
EXECUTIVE_SPONSOR__C                           | 20220614                  
FAX                                            | 20220614                  
FMRS__C                                        | 20220614                  
FRC_TO_FIT_FCTR                                | 20220614                  
HEALTHCARE_ICMS__C                             | 20220614                  
HEALTHEVIEW_CUSTOMIZATION__C                   | 20220614                  
INDUSTRY                                       | 20220614                  
INDUSTRY__C                                    | 20220614                  
ISDELETED                                      | 20220614                  
LASTACTIVITYDATE                               | 20220614                  
LASTMODIFIEDBYID                               | 20220614                  
LASTMODIFIEDDATE                               | 20220614                  
LEGACYLASTMODIFIEDBY                           | 20220614                  
LEGACYLASTMODIFIEDDATE__C                      | 20220614                  
LEGACY_SOURCE__C                               | 20220614                  
LEGAL_ACCOUNT_NAME__C                          | 20220614                  
LEGAL_ENTITY_DETAILS__C                        | 20220614                  
LEGAL_ENTITY__C                                | 20220614                  
LIFESOURCE_ACCOUNT_STATUS__C                   | 20220614                  
MACHINE_READABLE_FILES_ELECTION__C             | 20220614                  
MASTERRECORDID                                 | 20220614                  
MAXIMUM_REIMBURSABLE_CHARGE__C                 | 20220614                  
MGU__C                                         | 20220614                  
MSC_CD                                         | 20220614                  
NAME_C                                         | 20220614                  
NEXT_OUT_TO_BID_DATE__C                        | 20220614                  
NUMBEROFEMPLOYEES                              | 20220614                  
OF_ACTIVE_OPPTY__C                             | 20220614                  
OF_COMMERCIAL_LIVES__C                         | 20220614                  
ORGANIZATIONAL_OVERVIEW__C                     | 20220614                  
OWNERID                                        | 20220614                  
PARENTID                                       | 20220614                  
PARENT_FIRM__C                                 | 20220614                  
PEID_CREATED_DATE__C                           | 20220614                  
PE_IDENTIFIER_PEID__C                          | 20220614                  
PHONE                                          | 20220614                  
PRIMARY_NST__C                                 | 20220614                  
PRIMARY_O500_NBM__C                            | 20220614                  
PRIMARY_U500_NBM__C                            | 20220614                  
PRODUCER_ACCOUNT_NUMBER__C                     | 20220614                  
PRODUCER_STATUS__C                             | 20220614                  
RECORDTYPEID                                   | 20220614                  
REINSURER__C                                   | 20220614                  
SECONDARY_NAME_DBA__C                          | 20220614                  
SHIPPINGCITY                                   | 20220614                  
SHIPPINGCOUNTRY                                | 20220614                  
SHIPPINGPOSTALCODE                             | 20220614                  
SHIPPINGSTATE                                  | 20220614                  
SHIPPINGSTREET                                 | 20220614                  
SIC                                            | 20220614                  
SICDESC                                        | 20220614                  
SIC_CODE__C                                    | 20220614                  
SITE                                           | 20220614                  
SITELASTMODIFIEDDATETIME__C                    | 20220614                  
STATES_COMMERCIAL_LIVES_RESIDE                 | 20220614                  
STOP_LOSS_CARRIER__C                           | 20220614                  
SYSTEMMODSTAMP                                 | 20220614                  
TPA__C                                         | 20220614                  
TRANSPLANT_NETWORKS_UTILIZED__                 | 20220614                  
TYPE_C                                         | 20220614                  
ULTIMATE_DUNS_NUMBER__C                        | 20220614                  
WEBSITE                                        | 20220614                  
YTD_B2B_SPEND__C                               | 20220614                  
COB_CVRG_TY_CD                                 | 20220627                  
SUBDIV_ID                                      | 20220627                  
TRNSCTN_YR_NUM                                 | 2022080Q                  
MRKT_FCTR                                      | 20220914                  
LGCY_MBR_NUM                                   | 20230130                  
MAX_CLM_YEAR                                   | 20230130                  
NPO_DESGTN_TY_CD                               | 20230130                  
NPO_PARTY_ID                                   | 20230130                  
NPO_PARTY_NM                                   | 20230130                  
PATNT_FRST_NM                                  | 20230130                  
PATNT_LAST_NM                                  | 20230130                  
PROV_STAT                                      | 20230130                  
SUBSCRBR_ID                                    | 20230130                  
TOTAL_CLM_RECORDS                              | 20230130                  
POS_GRP_CD                                     | 20230314                  
PRIM_RNDR_PROV_SPECLTY_CD                      | 20230314                  
CRET_TS                                        | 20230401                  
EBM_RULE_NUM                                   | 20230401                  
JUMP_START_GRP                                 | 20230401                  
LAST_UPDT_USR_ID                               | 20230401                  
LAST_UPDT_TS                                   | 20230405                  
ADJ_EF_SCORE                                   | 20230418                  
ADJ_QU_SCORE                                   | 20230418                  
AS_PROV_ID                                     | 20230418                  
BARIATRIC_CERT_IND                             | 20230418                  
CCN_CATEGORY                                   | 20230418                  
CNTRCT_IND                                     | 20230418                  
PAID_DATE                                      | 20230508                  
PROVIDER_NAME                                  | 20230508                  
BILL_PROV_ID                                   | 20230602                  
INSTTN_PRNCPL_PROC_CD                          | 20230605                  
HC_SPECLTY_NVGTR_TY_CD                         | 20230628                  
PRODT_CTGRY_CD                                 | 20230727                  
DISBLTY_SAVE_AMT                               | 20230915                  
DUP_ACROSS_CONDN_ID                            | 20230915                  
DUP_WITHIN_CONDN_ID                            | 20230915                  
ER_SAVE_AMT                                    | 20230915                  
FCT_ID                                         | 20230915                  
INPA_SAVE_AMT                                  | 20230915                  
SRC_EBM_CONDN_CD                               | 20230915                  
SRC_GIC_RISK_TY_CD                             | 20230915                  
TOTL_SAVE_AMT                                  | 20230915                  
PRESCBR_PROV_ID                                | 20230919                  
IMP_OBGYN_PCP_PROV_SUPRT_CNT                   | 20231009                  
IMP_PCP_SUPRT_CNT                              | 20231009                  
GRP_NPI                                        | 20231011                  
GRP_PRIM_PROV_ID                               | 20231011                  
GRP_PROV_SPECLTY_DESC                          | 20231017                  
GRP_ST_CD                                      | 20231017                  
GRP_TEL_NUM                                    | 20231017                  
GRP_TIN                                        | 20231017                  
INDIV_PRIM_PROV_ID                             | 20231017                  
PCP_SUPRT_CNT                                  | 20231017                  
PREV_PCP_PROV_SUPRT_CNT                        | 20231017                  
COMP_IND                                       | 20231023                  
RPT_SUB_TY_CD                                  | 20231023                  
RPT_TY_CD                                      | 20231023                  
PROV_GRP_NM                                    | 20231106                  
BEHVRAL_TY_OF_SVC_CD                           | 20231107                  
PROCESSED_FLAG                                 | 20231114                  
RPT_LVL_ID_1                                   | 20231129                  
ROLL3_FLAG                                     | 20240109                  
WC_ACCUM_CNVRTD_DISP_QTY_MEQD                  | 20240307                  
WC_POS_DB_CREATE_TMS                           | 20240307                  
KAFKA_TS                                       | 20240308                  
WC_SBMTD_PAT_DOB                               | 20240308                  
WC_BRND_NAME                                   | 20240311                  
MEMBER_AGE                                     | 20240408                  
UPDT_TIMESTMP                                  | 20240408                  
WC_CNVRTD_FIL_QTY_MEQD                         | 20240408                  
AGE                                            | 20240409                  
MEMBR_FRST_NM                                  | 20240409                  
MEMBR_LAST_NM                                  | 20240409                  
SUBSCRBR_SSN                                   | 20240409                  
BYTES_SCANND                                   | 20240430                  
COMPILATION_TS                                 | 20240430                  
END_TS                                         | 20240430                  
ERR_MESSG                                      | 20240430                  
EXECUTION_TS                                   | 20240430                  
EXE_STATUS                                     | 20240430                  
QUERY_LOAD_PERCNT                              | 20240430                  
QURYTYPE                                       | 20240430                  
