# Lines in this file that contain # will be ignored.
#
# Valid
# BUC$
# Code
#-----
AB1S
ABMP
ABOC
ABQM
ABRM
ABTM
ADDS
AFP1
AFPC
AFSC
AGUR
AHCA
AHTH
AHXC
AICA
AIDW
AIEP
AIMC
AIML
AIMR
AINS
AIPR
AIUM
AY33
AY40
AY6U
AY9H
AYE0
AYF0
AYG0
AYH0
AYJ0
AYK0
AYL0
AYM0
AYNS
AYP0
AYQM
AYR0
AYT0
AYU0
AYX0
AZDE
AZXX
CBXD
CPEA
CW7L
FAEP
FAUS
FAVB
FB01
FC01
FC08
FC32
FC46
FC54
FC6E
FC85
FC8S
FC94
FCA4
FCA7
FCAG
FCDB
FCED
FCFP
FCGL
FCMP
FCSA
FCT2
FCT4
FCT6
FCTA
FCTD
FCV1
FCY6
FD93
FDRM
FGPD
FHHR
FNM4
FPCI
FPEP
FPNE
FPNF
FPNG
FPNP
FPNQ
FPNR
FPNS
FPV1
FPV3
FPV4
FPV5
FPV6
FPV8
FPV9
FPVP
FPVR
FSF2
FT10
FT15
FTAP
FTMR
FU1A
FVS3
FVSI
FW5E
G0E1
G1CH
GA01
GA1A
GA4A
GA6A
GA8A
GA9A
GAA1
GAB1
GACM
GACO
GACW
GADR
GADX
GAES
GAGA
GAHA
GAKA
GALV
GAND
GAOM
GAON
GAPM
GAPP
GAQA
GAQC
GAR1
GAR7
GART
GASA
GAUM
GAUR
GAVX
GAW1
GAXA
GAZA
GB20
GB3A
GB4C
GB6L
GBAC
GBAE
GBAS
GBCC
GBDE
GBEA
GBIB
GBLU
GBN1
GBP4
GBPE
GBPH
GBPM
GBPO
GBSS
GBV0
GBWL
GBXD
GBYT
GBZP
GCCD
GCCS
GCEM
GCHR
GCIM
GCLS
GCSB
GCTD
GDAD
GDBC
GDBD
GDBH
GDBI
GDBO
GDBP
GDBS
GDBW
GDCL
GDCM
GDCR
GDCW
GDCX
GDEG
GDLR
GDMA
GDNE
GDOH
GDPR
GDRR
GDTI
GDW1
GDZS
GE0C
GE10
GE2C
GE4P
GE66
GE77
GE8M
GE9X
GEA0
GEAP
GEFA
GEG1
GEIC
GEIE
GEJ1
GEK1
GELE
GELP
GEML
GEN1
GEPR
GEPS
GEQM
GESR
GET1
GEYC
GEZ0
GF01
GF31
GF51
GF71
GF81
GFB1
GFCI
GFD1
GFDE
GFDS
GFE1
GFF1
GFFV
GFJ1
GFK1
GFM1
GFOD
GFOH
GFPX
GFQ2
GFRD
GFSA
GFSC
GFT1
GFV1
GFVN
GFZA
GG10
GG60
GG61
GG6C
GG6I
GG70
GG82
GG94
GGB0
GGC2
GGCF
GGDD
GGDE
GGG1
GGH0
GGHC
GGIS
GGJ0
GGK0
GGMM
GGNA
GGNM
GGNR
GGP0
GGR1
GGSB
GGT0
GGWH
GGWY
GGX0
GGXC
GGYD
GGZD
GH0P
GH1H
GH2V
GH31
GH41
GH4U
GH5A
GH6A
GH7A
GH8F
GH9R
GHAP
GHCP
GHCV
GHDC
GHFW
GHG1
GHHB
GHIW
GHJC
GHKP
GHLB
GHLO
GHM1
GHNB
GHO1
GHPA
GHPC
GHPG
GHPH
GHPI
GHQA
GHQH
GHRP
GHSG
GHSR
GHT1
GHTR
GHUM
GHWQ
GHY1
GHZD
GI15
GI20
GI34
GI5C
GI8A
GIBY
GIFP
GIGD
GIHA
GIIS
GIJE
GILA
GIQB
GIVC
GIWB
GIX6
GIXB
GIYD
GIYG
GIZF
GJ2V
GJCA
GJEZ
GJVR
GJXB
GKCR
GKLM
GKQE
GKZM
GO6T
GO6Z
GO71
GO81
GOA1
GOBX
GOCX
GOD0
GODC
GOE1
GOE2
GOJ1
GOK2
GOKH
GOMO
GOOD
GOON
GOPI
GOQX
GOW2
GOWY
GPY1
GPZ1
GPZ3
GQ02
GQ06
GQ5A
GQBF
GQBG
GQBH
GQBI
GQBK
GQBM
GQBN
GQBQ
GQBU
GQBV
GQBX
GQBY
GQCA
GQCD
GQCE
GQCI
GQCR
GQCT
GQCX
GQDN
GQDO
GQDQ
GQDY
GQEJ
GQER
GQFE
GQGA
GQGC
GQGD
GQGE
GQGN
GQGP
GQGR
GQGS
GQGV
GQGY
GQHC
GQHV
GQHZ
GQIA
GQIU
GQJA
GQJB
GQJD
GQJE
GQJF
GQJG
GQJH
GQJI
GQJK
GQJL
GQJM
GQJQ
GQJR
GQJS
GQJT
GQJV
GQJW
GQJZ
GQLH
GQLM
GQMB
GQMC
GQMD
GQME
GQMG
GQMJ
GQMK
GQMO
GQMQ
GQMS
GQMU
GQMW
GQMZ
GQNZ
GQOE
GQOU
GQPA
GQPC
GQPE
GQPI
GQPO
GQPP
GQPX
GQQA
GQQF
GQQG
GQQN
GQQO
GQQV
GQRD
GQRE
GQRI
GQRJ
GQRK
GQRN
GQRO
GQRQ
GQRS
GQRU
GQRV
GQRW
GQRX
GQRY
GQSC
GQSH
GQTH
GQTI
GQTK
GQTO
GQTS
GQTX
GQUD
GQUF
GQUL
GQUM
GQUW
GQUX
GQUY
GQVN
GQVZ
GQWB
GQWE
GQWI
GQXB
GQXD
GQXE
GQXF
GQXG
GQXH
GQXJ
GQXM
GQXN
GQXO
GQXP
GQXR
GQXU
GQXX
GQXZ
GQYF
GQYI
GQYJ
GQYK
GQYL
GQYM
GQYN
GQYP
GQYQ
GQZ1
GQZ2
GQZC
GQZD
GQZE
GQZF
GQZG
GQZH
GQZI
GQZK
GQZL
GQZM
GQZO
GQZP
GQZT
GQZU
GQZW
GQZY
GRDR
GSAS
GU01
GURD
GUTR
GUV1
GV01
GV1C
GV5P
GVBN
GVDD
GVFS
GVGP
GVHR
GVIR
GVJD
GVLT
GVN1
GVN2
GVO1
GVOB
GVPA
GVQ0
GVRP
GVSL
GVU1
GVV0
GVZS
GW01
GW11
GW4R
GW5P
GW7A
GW8L
GW99
GWBE
GWCS
GWEM
GWH1
GWJA
GWN0
GWP1
GWQ0
GWRP
GWS1
GWU1
GWWC
GWXS
GWY1
GX0R
GX0S
GX22
GX33
GX50
GX51
GX52
GX5C
GX5D
GX77
GX80
GXAM
GXBC
GXBQ
GXC0
GXC1
GXD0
GXE0
GXF0
GXG0
GXH0
GXIN
GXK0
GXM0
GXM1
GXM2
GXN0
GXN1
GXO1
GXP0
GXP1
GXP2
GXQ0
GXQO
GXR2
GXSI
GXT2
GXT3
GXT6
GXU0
GXV1
GXX0
GXY1
GXZ0
GY3D
GYBM
GYID
GYO1
GYO2
GYV1
GYW1
GYY1
HB93
HC09
HCBC
HCBF
HJPC
HN3H
HP5A
HPCI
HPE1
HPHB
HTBE
HTOM
HTON
HTOR
HTSC
HTVS
JAIC
JDDW
JDPT
JI73
JI74
JIIB
JKON
JUIN
JW4E
JW4R
JWAN
JWIN
JWUK
LDNR
LHCP
LP99
LPAC
LT01
LTBP
LTOH
LTOI
LU02
MGVL
MJ11
MJ50
ML0I
ML2A
ML2M
ML2R
ML2U
ML41
ML5A
ML6A
ML8E
MLAA
MLBL
MLCC
MLEE
MLJ0
MLK2
MLKB
MLKC
MLKG
MLMA
MLOK
MLPX
MLRR
MLSF
MLUA
MLW1
MLX1
MLX5
MLXB
MLXS
MLXU
MLXX
MLY1
MLZ1
MSDD
MSEF
MSER
MSUV
MUNL
MUNT
MUT9
MW3R
MW44
MW66
MW6B
MW6C
MW6D
MW6E
MW6F
MW6G
MW7A
MW7I
MW7M
MW7S
MW80
MW8A
MW8B
MW8C
MW8F
MWBA
MWBM
MWCW
MWMM
MWOW
MWRE
MZ1V
MZEO
MZIC
NNF5
NZSA
ODPS
ODSM
OHER
OK02
OKDM
QACR
QCCD
QCOB
QDME
QDRB
QECD
QENB
QEOB
QERM
QETV
QLTD
QMAP
QMED
QMMC
QMRF
QNBS
QSPS
QSPT
QUEL
QUNL
RRAP
RRD1
RRE1
RRF1
STMQ
TA24
TARC
TAS2
TAS3
TBAT
TCB2
TCB5
TCB8
TCB9
TCC1
TCO1
TCPD
TCXD
TD01
TD20
TDAR
TDBA
TDCC
TDCD
TDCW
TDGA
TDGH
TDGL
TDGR
TDIB
TDKA
TDLD
TDMZ
TDNT
TDS1
TDSP
TDSR
TDTM
TDUC
TDWM
TDZS
TEDI
TEND
TERA
TETV
TF10
TGPA
THBP
TIIB
TJ01
TJ0S
TJ21
TJBP
TJED
TJF1
TJG1
TJHS
TJIB
TJIS
TJJF
TJK1
TJK2
TJK3
TJK4
TJK5
TJK6
TJK7
TJK8
TJK9
TJKA
TJMC
TJNS
TJPC
TJQP
TJSA
TJSI
TJT1
TJTA
TJU1
TJVC
TJVM
TJWM
TJZ1
TK01
TK3E
TK50
TK55
TKB1
TKCD
TKEA
TKIC
TKRD
TLA1
TLF2
TM11
TODS
TOIS
TOSA
TPAA
TRBI
TRGO
TRMS
TRMT
TT7E
TT8P
TTA1
TTAC
TTCC
TTCV
TTEC
TTIE
TTMM
TTPT
TTQA
TTS2
TTSD
TTSE
TTSM
TTWB
TTWC
TTWE
TTWJ
TTWK
TTWL
TTWR
TU00
TU3E
TU5I
TU90
TU94
TU98
TUDS
TUF2
TUGS
TUMD
TUNI
TUSA
TUZI
TVER
TX4B
TY5D
TY5E
TY5T
TY6B
TY6D
TY6F
TY9D
TYD7
TYDC
TYRC
TYTE
VMIR
VMJP
VMXR
VMYR
VMZE
VS11
WN00
WN1P
WN22
WN26
WN34
WN45
WN50
WN64
WN70
WN80
WN9C
WNBN
WNCK
WNDS
WNE7
WNFB
WNFE
WNH8
WNHM
WNJF
WNK6
WNMT
WNN9
WNO9
WNPM
WNQM
WNR9
WNSC
WNT9
WNU9
WNV9
WNW9
WNXC
WNZC
WXBP
WZ23
WZ40
WZ54
WZ68
WZ83
WZBC
WZCP
WZDO
WZFE
WZGM
WZLC
WZN1
WZPM
WZQ8
WZX2
WZXC
WZXD
WZXE
WZXH
WZXK
WZXN
WZXP
WZXW
WZXX
WZXY
WZYR
WZYY
